[debug] [2026-08-08T06:41:17.319Z] ----------------------------------------------------------------------
[debug] [2026-08-08T06:41:17.323Z] Command:       /usr/local/share/nvm/versions/node/v24.14.0/bin/node /home/codespace/nvm/current/bin/firebase deploy
[debug] [2026-08-08T06:41:17.323Z] CLI Version:   15.19.1
[debug] [2026-08-08T06:41:17.323Z] Platform:      linux
[debug] [2026-08-08T06:41:17.323Z] Node Version:  v24.14.0
[debug] [2026-08-08T06:41:17.324Z] Time:          Sat Aug 08 2026 06:41:17 GMT+0000 (Coordinated Universal Time)
[debug] [2026-08-08T06:41:17.324Z] ----------------------------------------------------------------------
[debug] 
[debug] [2026-08-08T06:41:20.700Z] > command requires scopes: ["email","openid","https://www.googleapis.com/auth/cloudplatformprojects.readonly","https://www.googleapis.com/auth/firebase","https://www.googleapis.com/auth/cloud-platform"]
[debug] [2026-08-08T06:41:20.700Z] > authorizing via signed-in user (sudhamshasagar@gmail.com)
[debug] [2026-08-08T06:41:20.700Z] [iam] checking project chaturmasya-demo for permissions ["cloudfunctions.functions.create","cloudfunctions.functions.delete","cloudfunctions.functions.get","cloudfunctions.functions.list","cloudfunctions.functions.update","cloudfunctions.operations.get","datastore.indexes.create","datastore.indexes.delete","datastore.indexes.list","datastore.indexes.update","firebase.projects.get","firebasehosting.sites.update"]
[debug] [2026-08-08T06:41:20.701Z] Checked if tokens are valid: false, expires at: 1786093249920
[debug] [2026-08-08T06:41:20.701Z] Checked if tokens are valid: false, expires at: 1786093249920
[debug] [2026-08-08T06:41:20.702Z] > refreshing access token with scopes: []
[debug] [2026-08-08T06:41:20.703Z] >>> [apiv2][query] POST https://www.googleapis.com/oauth2/v3/token [none]
[debug] [2026-08-08T06:41:20.703Z] >>> [apiv2][body] POST https://www.googleapis.com/oauth2/v3/token [omitted]
[debug] [2026-08-08T06:41:20.861Z] <<< [apiv2][status] POST https://www.googleapis.com/oauth2/v3/token 200
[debug] [2026-08-08T06:41:20.861Z] <<< [apiv2][body] POST https://www.googleapis.com/oauth2/v3/token [omitted]
[debug] [2026-08-08T06:41:21.070Z] >>> [apiv2][query] POST https://cloudresourcemanager.googleapis.com/v1/projects/chaturmasya-demo:testIamPermissions [none]
[debug] [2026-08-08T06:41:21.071Z] >>> [apiv2][(partial)header] POST https://cloudresourcemanager.googleapis.com/v1/projects/chaturmasya-demo:testIamPermissions  x-goog-user-project=chaturmasya-demo
[debug] [2026-08-08T06:41:21.071Z] >>> [apiv2][body] POST https://cloudresourcemanager.googleapis.com/v1/projects/chaturmasya-demo:testIamPermissions {"permissions":["cloudfunctions.functions.create","cloudfunctions.functions.delete","cloudfunctions.functions.get","cloudfunctions.functions.list","cloudfunctions.functions.update","cloudfunctions.operations.get","datastore.indexes.create","datastore.indexes.delete","datastore.indexes.list","datastore.indexes.update","firebase.projects.get","firebasehosting.sites.update"]}
[debug] [2026-08-08T06:41:22.475Z] <<< [apiv2][status] POST https://cloudresourcemanager.googleapis.com/v1/projects/chaturmasya-demo:testIamPermissions 200
[debug] [2026-08-08T06:41:22.475Z] <<< [apiv2][body] POST https://cloudresourcemanager.googleapis.com/v1/projects/chaturmasya-demo:testIamPermissions {"permissions":["cloudfunctions.functions.create","cloudfunctions.functions.delete","cloudfunctions.functions.get","cloudfunctions.functions.list","cloudfunctions.functions.update","cloudfunctions.operations.get","datastore.indexes.create","datastore.indexes.delete","datastore.indexes.list","datastore.indexes.update","firebase.projects.get","firebasehosting.sites.update"]}
[debug] [2026-08-08T06:41:22.476Z] Checked if tokens are valid: true, expires at: 1786174879861
[debug] [2026-08-08T06:41:22.476Z] Checked if tokens are valid: true, expires at: 1786174879861
[debug] [2026-08-08T06:41:22.476Z] >>> [apiv2][query] POST https://iam.googleapis.com/v1/projects/chaturmasya-demo/serviceAccounts/chaturmasya-demo@appspot.gserviceaccount.com:testIamPermissions [none]
[debug] [2026-08-08T06:41:22.476Z] >>> [apiv2][body] POST https://iam.googleapis.com/v1/projects/chaturmasya-demo/serviceAccounts/chaturmasya-demo@appspot.gserviceaccount.com:testIamPermissions {"permissions":["iam.serviceAccounts.actAs"]}
[debug] [2026-08-08T06:41:24.161Z] <<< [apiv2][status] POST https://iam.googleapis.com/v1/projects/chaturmasya-demo/serviceAccounts/chaturmasya-demo@appspot.gserviceaccount.com:testIamPermissions 200
[debug] [2026-08-08T06:41:24.161Z] <<< [apiv2][body] POST https://iam.googleapis.com/v1/projects/chaturmasya-demo/serviceAccounts/chaturmasya-demo@appspot.gserviceaccount.com:testIamPermissions {"permissions":["iam.serviceAccounts.actAs"]}
[debug] [2026-08-08T06:41:24.163Z] Checked if tokens are valid: true, expires at: 1786174879861
[debug] [2026-08-08T06:41:24.163Z] Checked if tokens are valid: true, expires at: 1786174879861
[debug] [2026-08-08T06:41:24.163Z] >>> [apiv2][query] GET https://firebase.googleapis.com/v1beta1/projects/chaturmasya-demo [none]
[debug] [2026-08-08T06:41:24.625Z] <<< [apiv2][status] GET https://firebase.googleapis.com/v1beta1/projects/chaturmasya-demo 200
[debug] [2026-08-08T06:41:24.625Z] <<< [apiv2][body] GET https://firebase.googleapis.com/v1beta1/projects/chaturmasya-demo {"projectId":"chaturmasya-demo","projectNumber":"671464700696","displayName":"chaturmasya-demo","name":"projects/chaturmasya-demo","resources":{"hostingSite":"chaturmasya-demo"},"state":"ACTIVE","labels":{"firebase":"enabled","firebase/storage-default-bucket":"created"},"etag":"1_c54d0383-1d55-4b27-b139-63fbcfef6fec"}
[info] 
[info] === Deploying to 'chaturmasya-demo'...
[info] 
[info] i  deploying firestore, functions, hosting 
[info] i  firestore: ensuring required API firestore.googleapis.com is enabled... 
[info] i  firestore: ensuring required API firestore.googleapis.com is enabled... 
[debug] [2026-08-08T06:41:24.629Z] Checked if tokens are valid: true, expires at: 1786174879861
[debug] [2026-08-08T06:41:24.629Z] Checked if tokens are valid: true, expires at: 1786174879861
[debug] [2026-08-08T06:41:24.629Z] >>> [apiv2][query] GET https://firestore.googleapis.com/v1/projects/chaturmasya-demo/databases/(default) [none]
[debug] [2026-08-08T06:41:24.872Z] <<< [apiv2][status] GET https://firestore.googleapis.com/v1/projects/chaturmasya-demo/databases/(default) 200
[debug] [2026-08-08T06:41:24.873Z] <<< [apiv2][body] GET https://firestore.googleapis.com/v1/projects/chaturmasya-demo/databases/(default) {"name":"projects/chaturmasya-demo/databases/(default)","uid":"214aabfa-12c6-48d1-a735-75a609a25511","createTime":"2026-06-05T09:06:47.454986Z","updateTime":"2026-06-05T09:06:47.454986Z","locationId":"asia-south2","type":"FIRESTORE_NATIVE","concurrencyMode":"PESSIMISTIC","versionRetentionPeriod":"3600s","earliestVersionTime":"2026-08-08T05:41:24.875206Z","appEngineIntegrationMode":"DISABLED","pointInTimeRecoveryEnablement":"POINT_IN_TIME_RECOVERY_DISABLED","deleteProtectionState":"DELETE_PROTECTION_DISABLED","databaseEdition":"STANDARD","freeTier":true,"realtimeUpdatesMode":"REALTIME_UPDATES_MODE_ENABLED","etag":"IOjKxce2kJYDMI7PgK/g75QD"}
[info] i  firestore: reading indexes from firestore.indexes.json... 
[info] i  cloud.firestore: checking firestore.rules for compilation errors... 
[debug] [2026-08-08T06:41:24.876Z] Checked if tokens are valid: true, expires at: 1786174879861
[debug] [2026-08-08T06:41:24.876Z] Checked if tokens are valid: true, expires at: 1786174879861
[debug] [2026-08-08T06:41:24.876Z] >>> [apiv2][query] POST https://firebaserules.googleapis.com/v1/projects/chaturmasya-demo:test [none]
[debug] [2026-08-08T06:41:24.876Z] >>> [apiv2][body] POST https://firebaserules.googleapis.com/v1/projects/chaturmasya-demo:test [omitted]
[debug] [2026-08-08T06:41:25.297Z] <<< [apiv2][status] POST https://firebaserules.googleapis.com/v1/projects/chaturmasya-demo:test 200
[debug] [2026-08-08T06:41:25.297Z] <<< [apiv2][body] POST https://firebaserules.googleapis.com/v1/projects/chaturmasya-demo:test {}
[info] ✔  cloud.firestore: rules file firestore.rules compiled successfully 
[debug] [2026-08-08T06:41:25.298Z] Checked if tokens are valid: true, expires at: 1786174879861
[debug] [2026-08-08T06:41:25.298Z] Checked if tokens are valid: true, expires at: 1786174879861
[debug] [2026-08-08T06:41:25.299Z] >>> [apiv2][query] GET https://cloudresourcemanager.googleapis.com/v1/projects/chaturmasya-demo [none]
[debug] [2026-08-08T06:41:25.582Z] <<< [apiv2][status] GET https://cloudresourcemanager.googleapis.com/v1/projects/chaturmasya-demo 200
[debug] [2026-08-08T06:41:25.582Z] <<< [apiv2][body] GET https://cloudresourcemanager.googleapis.com/v1/projects/chaturmasya-demo {"projectNumber":"671464700696","projectId":"chaturmasya-demo","lifecycleState":"ACTIVE","name":"chaturmasya-demo","labels":{"firebase":"enabled","firebase-core":"disabled"},"createTime":"2026-06-05T08:57:57.201Z"}
[info] i  functions: preparing codebase default for deployment 
[info] i  functions: ensuring required API cloudfunctions.googleapis.com is enabled... 
[info] i  functions: ensuring required API cloudbuild.googleapis.com is enabled... 
[info] i  artifactregistry: ensuring required API artifactregistry.googleapis.com is enabled... 
[debug] [2026-08-08T06:41:25.584Z] Checked if tokens are valid: true, expires at: 1786174879861
[debug] [2026-08-08T06:41:25.584Z] Checked if tokens are valid: true, expires at: 1786174879861
[debug] [2026-08-08T06:41:25.584Z] >>> [apiv2][query] GET https://firebase.googleapis.com/v1beta1/projects/chaturmasya-demo/adminSdkConfig [none]
[debug] [2026-08-08T06:41:26.389Z] <<< [apiv2][status] GET https://firebase.googleapis.com/v1beta1/projects/chaturmasya-demo/adminSdkConfig 200
[debug] [2026-08-08T06:41:26.389Z] <<< [apiv2][body] GET https://firebase.googleapis.com/v1beta1/projects/chaturmasya-demo/adminSdkConfig {"projectId":"chaturmasya-demo","storageBucket":"chaturmasya-demo.firebasestorage.app"}
[debug] [2026-08-08T06:41:26.394Z] Validating nodejs source
[warn] ⚠  functions: package.json indicates an outdated version of firebase-functions. Please upgrade using npm install --save firebase-functions@latest in your functions directory. 
[debug] [2026-08-08T06:41:28.181Z] > [functions] package.json contents: {
  "name": "functions",
  "description": "Cloud Functions for Firebase",
  "scripts": {
    "lint": "eslint .",
    "serve": "firebase emulators:start --only functions",
    "shell": "firebase functions:shell",
    "start": "npm run shell",
    "deploy": "firebase deploy --only functions",
    "logs": "firebase functions:log"
  },
  "engines": {
    "node": "24"
  },
  "main": "index.js",
  "dependencies": {
    "axios": "^1.19.0",
    "firebase-admin": "^13.6.0",
    "firebase-functions": "^7.0.0"
  },
  "devDependencies": {
    "eslint": "^8.15.0",
    "eslint-config-google": "^0.14.0",
    "firebase-functions-test": "^3.4.1"
  },
  "private": true
}
[debug] [2026-08-08T06:41:28.181Z] Building nodejs source
[info] i  functions: Loading and analyzing source code for codebase default to determine what to deploy 
[debug] [2026-08-08T06:41:28.182Z] Could not find functions.yaml. Must use http discovery
[debug] [2026-08-08T06:41:28.187Z] Found firebase-functions binary at '/workspaces/chaturmasya_demo/chaturmasya_demo/functions/node_modules/.bin/firebase-functions'
[info] Serving at port 8712

[debug] [2026-08-08T06:41:30.845Z] Got response from /__/functions.yaml {"endpoints":{"getLiveVideo":{"availableMemoryMb":null,"timeoutSeconds":null,"minInstances":null,"maxInstances":null,"ingressSettings":null,"concurrency":null,"serviceAccountEmail":null,"vpc":null,"platform":"gcfv2","secretEnvironmentVariables":[{"key":"YOUTUBE_API_KEY"}],"labels":{},"httpsTrigger":{},"entryPoint":"getLiveVideo"},"registerWebsiteVisit":{"availableMemoryMb":null,"timeoutSeconds":null,"minInstances":null,"maxInstances":null,"ingressSettings":null,"concurrency":null,"serviceAccountEmail":null,"vpc":null,"platform":"gcfv2","labels":{},"callableTrigger":{},"entryPoint":"registerWebsiteVisit"}},"specVersion":"v1alpha1","requiredAPIs":[],"extensions":{},"params":[{"type":"secret","name":"YOUTUBE_API_KEY"}]}
[debug] [2026-08-08T06:41:34.884Z] Checked if tokens are valid: true, expires at: 1786174879861
[debug] [2026-08-08T06:41:34.884Z] Checked if tokens are valid: true, expires at: 1786174879861
[debug] [2026-08-08T06:41:34.885Z] >>> [apiv2][query] GET https://cloudfunctions.googleapis.com/v1/projects/chaturmasya-demo/locations/-/functions [none]
[debug] [2026-08-08T06:41:35.693Z] <<< [apiv2][status] GET https://cloudfunctions.googleapis.com/v1/projects/chaturmasya-demo/locations/-/functions 200
[debug] [2026-08-08T06:41:35.693Z] <<< [apiv2][body] GET https://cloudfunctions.googleapis.com/v1/projects/chaturmasya-demo/locations/-/functions {}
[debug] [2026-08-08T06:41:35.694Z] Checked if tokens are valid: true, expires at: 1786174879861
[debug] [2026-08-08T06:41:35.694Z] Checked if tokens are valid: true, expires at: 1786174879861
[debug] [2026-08-08T06:41:35.694Z] >>> [apiv2][query] GET https://cloudfunctions.googleapis.com/v2/projects/chaturmasya-demo/locations/-/functions filter=environment%3D%22GEN_2%22
[debug] [2026-08-08T06:41:37.345Z] <<< [apiv2][status] GET https://cloudfunctions.googleapis.com/v2/projects/chaturmasya-demo/locations/-/functions 200
[debug] [2026-08-08T06:41:37.345Z] <<< [apiv2][body] GET https://cloudfunctions.googleapis.com/v2/projects/chaturmasya-demo/locations/-/functions {"functions":[{"name":"projects/chaturmasya-demo/locations/us-central1/functions/registerWebsiteVisit","buildConfig":{"build":"projects/671464700696/locations/us-central1/builds/6adcede0-fc1a-4683-946b-5751d054c16a","runtime":"nodejs24","entryPoint":"registerWebsiteVisit","source":{"storageSource":{"bucket":"gcf-v2-sources-671464700696-us-central1","object":"registerWebsiteVisit/function-source.zip","generation":"1785419521690153"}},"environmentVariables":{"GOOGLE_NODE_RUN_SCRIPTS":""},"dockerRepository":"projects/chaturmasya-demo/locations/us-central1/repositories/gcf-artifacts","sourceProvenance":{"resolvedStorageSource":{"bucket":"gcf-v2-sources-671464700696-us-central1","object":"registerWebsiteVisit/function-source.zip","generation":"1785419521690153"}},"dockerRegistry":"ARTIFACT_REGISTRY","serviceAccount":"projects/chaturmasya-demo/serviceAccounts/671464700696-compute@developer.gserviceaccount.com","automaticUpdatePolicy":{}},"serviceConfig":{"service":"projects/chaturmasya-demo/locations/us-central1/services/registerwebsitevisit","timeoutSeconds":60,"environmentVariables":{"FIREBASE_CONFIG":"{\"projectId\":\"chaturmasya-demo\",\"storageBucket\":\"chaturmasya-demo.firebasestorage.app\"}","GCLOUD_PROJECT":"chaturmasya-demo","EVENTARC_CLOUD_EVENT_SOURCE":"projects/chaturmasya-demo/locations/us-central1/services/registerWebsiteVisit","FUNCTION_TARGET":"registerWebsiteVisit","LOG_EXECUTION_ID":"true","FUNCTION_SIGNATURE_TYPE":"http"},"maxInstanceCount":20,"ingressSettings":"ALLOW_ALL","uri":"https://registerwebsitevisit-7iltpxjlfa-uc.a.run.app","serviceAccountEmail":"671464700696-compute@developer.gserviceaccount.com","availableMemory":"256Mi","allTrafficOnLatestRevision":true,"revision":"registerwebsitevisit-00002-pet","maxInstanceRequestConcurrency":80,"availableCpu":"1"},"state":"ACTIVE","updateTime":"2026-07-30T13:52:08.836739183Z","labels":{"deployment-callable":"true","firebase-functions-hash":"70d66de9d029b852c2c61feed086ba2560a8aade","deployment-tool":"cli-firebase"},"environment":"GEN_2","url":"https://us-central1-chaturmasya-demo.cloudfunctions.net/registerWebsiteVisit","createTime":"2026-07-23T17:26:12.528798415Z","satisfiesPzi":true},{"name":"projects/chaturmasya-demo/locations/us-central1/functions/getLiveVideo","buildConfig":{"build":"projects/671464700696/locations/us-central1/builds/6adcede0-fc1a-4683-946b-5751d054c16a","runtime":"nodejs24","entryPoint":"getLiveVideo","source":{"storageSource":{"bucket":"gcf-v2-sources-671464700696-us-central1","object":"getLiveVideo/function-source.zip","generation":"1785419473379496"}},"environmentVariables":{"GOOGLE_NODE_RUN_SCRIPTS":""},"dockerRepository":"projects/chaturmasya-demo/locations/us-central1/repositories/gcf-artifacts","sourceProvenance":{"resolvedStorageSource":{"bucket":"gcf-v2-sources-671464700696-us-central1","object":"getLiveVideo/function-source.zip","generation":"1785419473379496"}},"dockerRegistry":"ARTIFACT_REGISTRY","serviceAccount":"projects/chaturmasya-demo/serviceAccounts/671464700696-compute@developer.gserviceaccount.com","automaticUpdatePolicy":{}},"serviceConfig":{"service":"projects/chaturmasya-demo/locations/us-central1/services/getlivevideo","timeoutSeconds":60,"environmentVariables":{"FIREBASE_CONFIG":"{\"projectId\":\"chaturmasya-demo\",\"storageBucket\":\"chaturmasya-demo.firebasestorage.app\"}","GCLOUD_PROJECT":"chaturmasya-demo","EVENTARC_CLOUD_EVENT_SOURCE":"projects/chaturmasya-demo/locations/us-central1/services/getLiveVideo","FUNCTION_TARGET":"getLiveVideo","LOG_EXECUTION_ID":"true"},"ingressSettings":"ALLOW_ALL","uri":"https://getlivevideo-7iltpxjlfa-uc.a.run.app","serviceAccountEmail":"671464700696-compute@developer.gserviceaccount.com","availableMemory":"256Mi","allTrafficOnLatestRevision":true,"secretEnvironmentVariables":[{"key":"YOUTUBE_API_KEY","projectId":"chaturmasya-demo","secret":"YOUTUBE_API_KEY","version":"1"}],"revision":"getlivevideo-00001-yas","maxInstanceRequestConcurrency":80,"availableCpu":"1"},"state":"ACTIVE","updateTime":"2026-07-30T13:52:06.014447127Z","labels":{"deployment-tool":"cli-firebase","firebase-functions-hash":"4f671575e224220f6e4881f627b0a2f0ac5b2f22"},"environment":"GEN_2","url":"https://us-central1-chaturmasya-demo.cloudfunctions.net/getLiveVideo","createTime":"2026-07-30T13:51:13.681213337Z","satisfiesPzi":true}]}
[info] i  extensions: ensuring required API firebaseextensions.googleapis.com is enabled... 
[debug] [2026-08-08T06:41:37.347Z] > command requires scopes: ["email","openid","https://www.googleapis.com/auth/cloudplatformprojects.readonly","https://www.googleapis.com/auth/firebase","https://www.googleapis.com/auth/cloud-platform"]
[debug] [2026-08-08T06:41:37.347Z] > authorizing via signed-in user (sudhamshasagar@gmail.com)
[debug] [2026-08-08T06:41:37.347Z] [iam] checking project chaturmasya-demo for permissions ["firebase.projects.get","firebaseextensions.instances.list"]
[debug] [2026-08-08T06:41:37.348Z] Checked if tokens are valid: true, expires at: 1786174879861
[debug] [2026-08-08T06:41:37.348Z] Checked if tokens are valid: true, expires at: 1786174879861
[debug] [2026-08-08T06:41:37.348Z] >>> [apiv2][query] POST https://cloudresourcemanager.googleapis.com/v1/projects/chaturmasya-demo:testIamPermissions [none]
[debug] [2026-08-08T06:41:37.348Z] >>> [apiv2][(partial)header] POST https://cloudresourcemanager.googleapis.com/v1/projects/chaturmasya-demo:testIamPermissions  x-goog-user-project=chaturmasya-demo
[debug] [2026-08-08T06:41:37.348Z] >>> [apiv2][body] POST https://cloudresourcemanager.googleapis.com/v1/projects/chaturmasya-demo:testIamPermissions {"permissions":["firebase.projects.get","firebaseextensions.instances.list"]}
[debug] [2026-08-08T06:41:38.728Z] <<< [apiv2][status] POST https://cloudresourcemanager.googleapis.com/v1/projects/chaturmasya-demo:testIamPermissions 200
[debug] [2026-08-08T06:41:38.728Z] <<< [apiv2][body] POST https://cloudresourcemanager.googleapis.com/v1/projects/chaturmasya-demo:testIamPermissions {"permissions":["firebase.projects.get","firebaseextensions.instances.list"]}
[debug] [2026-08-08T06:41:38.729Z] Checked if tokens are valid: true, expires at: 1786174879861
[debug] [2026-08-08T06:41:38.729Z] Checked if tokens are valid: true, expires at: 1786174879861
[debug] [2026-08-08T06:41:38.729Z] >>> [apiv2][query] GET https://firebaseextensions.googleapis.com/v1beta/projects/chaturmasya-demo/instances pageSize=100&pageToken=
[debug] [2026-08-08T06:41:40.313Z] <<< [apiv2][status] GET https://firebaseextensions.googleapis.com/v1beta/projects/chaturmasya-demo/instances 200
[debug] [2026-08-08T06:41:40.313Z] <<< [apiv2][body] GET https://firebaseextensions.googleapis.com/v1beta/projects/chaturmasya-demo/instances {}
[debug] [2026-08-08T06:41:40.318Z] Checked if tokens are valid: true, expires at: 1786174879861
[debug] [2026-08-08T06:41:40.318Z] Checked if tokens are valid: true, expires at: 1786174879861
[debug] [2026-08-08T06:41:40.318Z] >>> [apiv2][query] GET https://secretmanager.googleapis.com/v1/projects/chaturmasya-demo/secrets/YOUTUBE_API_KEY [none]
[debug] [2026-08-08T06:41:40.712Z] <<< [apiv2][status] GET https://secretmanager.googleapis.com/v1/projects/chaturmasya-demo/secrets/YOUTUBE_API_KEY 200
[debug] [2026-08-08T06:41:40.712Z] <<< [apiv2][body] GET https://secretmanager.googleapis.com/v1/projects/chaturmasya-demo/secrets/YOUTUBE_API_KEY {"name":"projects/671464700696/secrets/YOUTUBE_API_KEY","replication":{"automatic":{}},"createTime":"2026-07-30T13:47:17.368970Z","labels":{"firebase-managed":"functions"},"etag":"\"1657d44f8b6048\""}
[debug] [2026-08-08T06:41:40.712Z] Checked if tokens are valid: true, expires at: 1786174879861
[debug] [2026-08-08T06:41:40.712Z] Checked if tokens are valid: true, expires at: 1786174879861
[debug] [2026-08-08T06:41:40.712Z] >>> [apiv2][query] GET https://secretmanager.googleapis.com/v1/projects/chaturmasya-demo/secrets/YOUTUBE_API_KEY/versions/latest [none]
[debug] [2026-08-08T06:41:41.072Z] <<< [apiv2][status] GET https://secretmanager.googleapis.com/v1/projects/chaturmasya-demo/secrets/YOUTUBE_API_KEY/versions/latest 200
[debug] [2026-08-08T06:41:41.072Z] <<< [apiv2][body] GET https://secretmanager.googleapis.com/v1/projects/chaturmasya-demo/secrets/YOUTUBE_API_KEY/versions/latest {"name":"projects/671464700696/secrets/YOUTUBE_API_KEY/versions/1","createTime":"2026-07-30T13:47:21.796279Z","state":"ENABLED","replicationStatus":{"automatic":{}},"etag":"\"1657d44faeb2b7\""}
[info] i  functions: preparing functions directory for uploading... 
[info] i  functions: packaged /workspaces/chaturmasya_demo/chaturmasya_demo/functions (81.08 KB) for uploading 
[info] i  functions: ensuring required API run.googleapis.com is enabled... 
[info] i  functions: ensuring required API eventarc.googleapis.com is enabled... 
[info] i  functions: ensuring required API pubsub.googleapis.com is enabled... 
[info] i  functions: ensuring required API storage.googleapis.com is enabled... 
[info] i  functions: generating the service identity for pubsub.googleapis.com... 
[debug] [2026-08-08T06:41:41.116Z] Checked if tokens are valid: true, expires at: 1786174879861
[debug] [2026-08-08T06:41:41.116Z] Checked if tokens are valid: true, expires at: 1786174879861
[info] i  functions: generating the service identity for eventarc.googleapis.com... 
[debug] [2026-08-08T06:41:41.116Z] Checked if tokens are valid: true, expires at: 1786174879861
[debug] [2026-08-08T06:41:41.116Z] Checked if tokens are valid: true, expires at: 1786174879861
[debug] [2026-08-08T06:41:41.116Z] >>> [apiv2][query] POST https://serviceusage.googleapis.com/v1beta1/projects/671464700696/services/pubsub.googleapis.com:generateServiceIdentity [none]
[debug] [2026-08-08T06:41:41.116Z] >>> [apiv2][(partial)header] POST https://serviceusage.googleapis.com/v1beta1/projects/671464700696/services/pubsub.googleapis.com:generateServiceIdentity  x-goog-user-project=671464700696
[debug] [2026-08-08T06:41:41.116Z] >>> [apiv2][body] POST https://serviceusage.googleapis.com/v1beta1/projects/671464700696/services/pubsub.googleapis.com:generateServiceIdentity {}
[debug] [2026-08-08T06:41:41.117Z] >>> [apiv2][query] POST https://serviceusage.googleapis.com/v1beta1/projects/671464700696/services/eventarc.googleapis.com:generateServiceIdentity [none]
[debug] [2026-08-08T06:41:41.117Z] >>> [apiv2][(partial)header] POST https://serviceusage.googleapis.com/v1beta1/projects/671464700696/services/eventarc.googleapis.com:generateServiceIdentity  x-goog-user-project=671464700696
[debug] [2026-08-08T06:41:41.117Z] >>> [apiv2][body] POST https://serviceusage.googleapis.com/v1beta1/projects/671464700696/services/eventarc.googleapis.com:generateServiceIdentity {}
